
> todo-frontend@1.0.0 build
> next build

   Γû▓ Next.js 14.1.0
   - Environments: .env.local, .env.production

   Creating an optimized production build ...
node.exe : Failed to 
compile.
At C:\Program Files\n
odejs\npm.ps1:29 
char:3
+   & $NODE_EXE 
$NPM_CLI_JS $args
+   ~~~~~~~~~~~~~~~~~
~~~~~~~~~~~~
    + CategoryInfo   
           : NotSpe  
  cified: (Failed    
 to compile.:Stri    
ng) [], RemoteEx    
ception
    + FullyQualified 
   ErrorId : Native  
  CommandError
 

./hooks/useAuth.tsx
Module not found: 
Can't resolve 
'@/lib/auth/client'

https://nextjs.org/do
cs/messages/module-no
t-found

./lib/auth/hooks.ts
Module not found: 
Can't resolve 
'./client'

https://nextjs.org/do
cs/messages/module-no
t-found

Import trace for 
requested module:
./app/(protected)/tas
ks/layout.tsx


> Build failed 
because of webpack 
errors
