
> todo-frontend@1.0.0 build
> next build

   Γû▓ Next.js 14.1.0
   - Environments: .env.local, .env.production

   Creating an optimized production build ...
node.exe : Failed to 
compile.
At C:\Program Files\n
odejs\npm.ps1:29 
char:3
+   & $NODE_EXE 
$NPM_CLI_JS $args
+   ~~~~~~~~~~~~~~~~~
~~~~~~~~~~~~
    + CategoryInfo   
           : NotSpe  
  cified: (Failed    
 to compile.:Stri    
ng) [], RemoteEx    
ception
    + FullyQualified 
   ErrorId : Native  
  CommandError
 

./lib/auth/client.ts
Module not found: 
Can't resolve 
'next-auth/react'

https://nextjs.org/do
cs/messages/module-no
t-found

Import trace for 
requested module:
./hooks/useAuth.tsx

./lib/auth/config.ts
Module not found: 
Can't resolve 
'next-auth'

https://nextjs.org/do
cs/messages/module-no
t-found

Import trace for 
requested module:
./lib/api/client.ts
./lib/api/tasks.ts
./app/(protected)/tas
ks/[id]/page.tsx

./lib/auth/config.ts
Module not found: 
Can't resolve 'next-a
uth/providers/credent
ials'

https://nextjs.org/do
cs/messages/module-no
t-found

Import trace for 
requested module:
./lib/api/client.ts
./lib/api/tasks.ts
./app/(protected)/tas
ks/[id]/page.tsx

./lib/auth/config.ts
Module not found: 
Can't resolve 
'next-auth'

https://nextjs.org/do
cs/messages/module-no
t-found

Import trace for 
requested module:
./app/api/auth/[...au
th]/route.ts

./lib/auth/config.ts
Module not found: 
Can't resolve 'next-a
uth/providers/credent
ials'

https://nextjs.org/do
cs/messages/module-no
t-found

Import trace for 
requested module:
./app/api/auth/[...au
th]/route.ts


> Build failed 
because of webpack 
errors
